=======================================================
Timestamp: 2025-12-11T00:54:48.0402029Z
Method: GET
URL: /
Status: 404
Duration: 2 ms
UserId: 
Client IP: ::1
User-Agent: Mozilla/5.0 (Windows NT 10.0; Win64; x64) AppleWebKit/537.36 (KHTML, like Gecko) Chrome/143.0.0.0 Safari/537.36 Edg/143.0.0.0
=======================================================

=======================================================
Timestamp: 2025-12-11T00:56:38.7362276Z
Method: GET
URL: /api/UserPermissions/check?userId=2&permissionCode=inventarization
Status: 200
Duration: 258 ms
UserId: 
Client IP: ::1
User-Agent: Mozilla/5.0 (Windows NT 10.0; Win64; x64) AppleWebKit/537.36 (KHTML, like Gecko) Chrome/143.0.0.0 Safari/537.36 Edg/143.0.0.0
Controller: UserPermissions, Action: CheckPermission
Response Body: {"hasPermission":false}
=======================================================

