=======================================================
Timestamp: 2026-01-11T00:13:04.1369104Z
Method: GET
URL: /api/users
Status: 307
Duration: 5 ms
UserId: 
Client IP: ::1
User-Agent: 
Controller: Users, Action: GetAll
=======================================================

=======================================================
Timestamp: 2026-01-11T00:13:04.2522522Z
Method: GET
URL: /api/users
Status: 200
Duration: 648 ms
UserId: 
Client IP: ::1
User-Agent: 
Controller: Users, Action: GetAll
Response Body: [{"id":1,"login":"admin","encryptedPassword":"admin","name":"Админ","surname":"Системный","email":"admin@example.com","phone":"+71234567890","createdAt":"2026-01-10T20:21:14.573861Z","alarmEvents":[],"sentPartRequests":[],"receivedPartRequests":[],"sentShiftTransfers":[],"receivedShiftTransfers":[]}]
=======================================================

=======================================================
Timestamp: 2026-01-11T00:13:12.7472646Z
Method: GET
URL: /api/users
Status: 307
Duration: 0 ms
UserId: 
Client IP: ::1
User-Agent: 
Controller: Users, Action: GetAll
=======================================================

=======================================================
Timestamp: 2026-01-11T00:13:12.7526081Z
Method: GET
URL: /api/users
Status: 200
Duration: 5 ms
UserId: 
Client IP: ::1
User-Agent: 
Controller: Users, Action: GetAll
Response Body: [{"id":1,"login":"admin","encryptedPassword":"admin","name":"Админ","surname":"Системный","email":"admin@example.com","phone":"+71234567890","createdAt":"2026-01-10T20:21:14.573861Z","alarmEvents":[],"sentPartRequests":[],"receivedPartRequests":[],"sentShiftTransfers":[],"receivedShiftTransfers":[]}]
=======================================================

=======================================================
Timestamp: 2026-01-11T00:13:21.1327957Z
Method: GET
URL: /api/users
Status: 307
Duration: 0 ms
UserId: 
Client IP: ::1
User-Agent: 
Controller: Users, Action: GetAll
=======================================================

=======================================================
Timestamp: 2026-01-11T00:13:21.1374443Z
Method: GET
URL: /api/users
Status: 200
Duration: 4 ms
UserId: 
Client IP: ::1
User-Agent: 
Controller: Users, Action: GetAll
Response Body: [{"id":1,"login":"admin","encryptedPassword":"admin","name":"Админ","surname":"Системный","email":"admin@example.com","phone":"+71234567890","createdAt":"2026-01-10T20:21:14.573861Z","alarmEvents":[],"sentPartRequests":[],"receivedPartRequests":[],"sentShiftTransfers":[],"receivedShiftTransfers":[]}]
=======================================================

=======================================================
Timestamp: 2026-01-11T00:13:39.6442854Z
Method: GET
URL: /api/users
Status: 307
Duration: 0 ms
UserId: 
Client IP: ::1
User-Agent: 
Controller: Users, Action: GetAll
=======================================================

=======================================================
Timestamp: 2026-01-11T00:13:39.6473022Z
Method: GET
URL: /api/users
Status: 200
Duration: 2 ms
UserId: 
Client IP: ::1
User-Agent: 
Controller: Users, Action: GetAll
Response Body: [{"id":1,"login":"admin","encryptedPassword":"admin","name":"Админ","surname":"Системный","email":"admin@example.com","phone":"+71234567890","createdAt":"2026-01-10T20:21:14.573861Z","alarmEvents":[],"sentPartRequests":[],"receivedPartRequests":[],"sentShiftTransfers":[],"receivedShiftTransfers":[]}]
=======================================================

=======================================================
Timestamp: 2026-01-11T00:13:41.9757844Z
Method: GET
URL: /api/users
Status: 307
Duration: 0 ms
UserId: 
Client IP: ::1
User-Agent: 
Controller: Users, Action: GetAll
=======================================================

=======================================================
Timestamp: 2026-01-11T00:13:41.9760694Z
Method: GET
URL: /api/users
Status: 307
Duration: 0 ms
UserId: 
Client IP: ::1
User-Agent: 
Controller: Users, Action: GetAll
=======================================================

=======================================================
Timestamp: 2026-01-11T00:13:42.0860782Z
Method: GET
URL: /api/users
Status: 200
Duration: 4 ms
UserId: 
Client IP: ::1
User-Agent: 
Controller: Users, Action: GetAll
Response Body: [{"id":1,"login":"admin","encryptedPassword":"admin","name":"Админ","surname":"Системный","email":"admin@example.com","phone":"+71234567890","createdAt":"2026-01-10T20:21:14.573861Z","alarmEvents":[],"sentPartRequests":[],"receivedPartRequests":[],"sentShiftTransfers":[],"receivedShiftTransfers":[]}]
=======================================================

=======================================================
Timestamp: 2026-01-11T00:13:42.0881638Z
Method: GET
URL: /api/users
Status: 200
Duration: 66 ms
UserId: 
Client IP: ::1
User-Agent: 
Controller: Users, Action: GetAll
Response Body: [{"id":1,"login":"admin","encryptedPassword":"admin","name":"Админ","surname":"Системный","email":"admin@example.com","phone":"+71234567890","createdAt":"2026-01-10T20:21:14.573861Z","alarmEvents":[],"sentPartRequests":[],"receivedPartRequests":[],"sentShiftTransfers":[],"receivedShiftTransfers":[]}]
=======================================================

=======================================================
Timestamp: 2026-01-11T00:13:47.1943226Z
Method: GET
URL: /api/users
Status: 307
Duration: 0 ms
UserId: 
Client IP: ::1
User-Agent: 
Controller: Users, Action: GetAll
=======================================================

=======================================================
Timestamp: 2026-01-11T00:13:47.1943098Z
Method: GET
URL: /api/users
Status: 307
Duration: 0 ms
UserId: 
Client IP: ::1
User-Agent: 
Controller: Users, Action: GetAll
=======================================================

=======================================================
Timestamp: 2026-01-11T00:13:47.1961375Z
Method: GET
URL: /api/users
Status: 200
Duration: 2 ms
UserId: 
Client IP: ::1
User-Agent: 
Controller: Users, Action: GetAll
Response Body: [{"id":1,"login":"admin","encryptedPassword":"admin","name":"Админ","surname":"Системный","email":"admin@example.com","phone":"+71234567890","createdAt":"2026-01-10T20:21:14.573861Z","alarmEvents":[],"sentPartRequests":[],"receivedPartRequests":[],"sentShiftTransfers":[],"receivedShiftTransfers":[]}]
=======================================================

=======================================================
Timestamp: 2026-01-11T00:13:47.1999045Z
Method: GET
URL: /api/users
Status: 200
Duration: 6 ms
UserId: 
Client IP: ::1
User-Agent: 
Controller: Users, Action: GetAll
Response Body: [{"id":1,"login":"admin","encryptedPassword":"admin","name":"Админ","surname":"Системный","email":"admin@example.com","phone":"+71234567890","createdAt":"2026-01-10T20:21:14.573861Z","alarmEvents":[],"sentPartRequests":[],"receivedPartRequests":[],"sentShiftTransfers":[],"receivedShiftTransfers":[]}]
=======================================================

=======================================================
Timestamp: 2026-01-11T00:13:52.9437980Z
Method: GET
URL: /api/products
Status: 307
Duration: 0 ms
UserId: 
Client IP: ::1
User-Agent: 
Controller: Products, Action: GetAll
=======================================================

=======================================================
Timestamp: 2026-01-11T00:13:52.9776077Z
Method: GET
URL: /api/users
Status: 307
Duration: 0 ms
UserId: 
Client IP: ::1
User-Agent: 
Controller: Users, Action: GetAll
=======================================================

=======================================================
Timestamp: 2026-01-11T00:13:53.0701322Z
Method: GET
URL: /api/products
Status: 200
Duration: 114 ms
UserId: 
Client IP: ::1
User-Agent: 
Controller: Products, Action: GetAll
Response Body: []
=======================================================

=======================================================
Timestamp: 2026-01-11T00:13:53.0710773Z
Method: GET
URL: /api/products
Status: 200
Duration: 126 ms
UserId: 
Client IP: ::1
User-Agent: 
Controller: Products, Action: GetAll
Response Body: []
=======================================================

=======================================================
Timestamp: 2026-01-11T00:13:55.7421871Z
Method: GET
URL: /api/users
Status: 307
Duration: 0 ms
UserId: 
Client IP: ::1
User-Agent: 
Controller: Users, Action: GetAll
=======================================================

=======================================================
Timestamp: 2026-01-11T00:13:55.7462895Z
Method: GET
URL: /api/products
Status: 200
Duration: 3 ms
UserId: 
Client IP: ::1
User-Agent: 
Controller: Products, Action: GetAll
Response Body: []
=======================================================

=======================================================
Timestamp: 2026-01-11T00:13:55.7470638Z
Method: GET
URL: /api/products
Status: 307
Duration: 0 ms
UserId: 
Client IP: ::1
User-Agent: 
Controller: Products, Action: GetAll
=======================================================

=======================================================
Timestamp: 2026-01-11T00:13:55.7522699Z
Method: GET
URL: /api/products
Status: 200
Duration: 2 ms
UserId: 
Client IP: ::1
User-Agent: 
Controller: Products, Action: GetAll
Response Body: []
=======================================================

=======================================================
Timestamp: 2026-01-11T00:14:03.0295060Z
Method: GET
URL: /api/products
Status: 307
Duration: 0 ms
UserId: 
Client IP: ::1
User-Agent: 
Controller: Products, Action: GetAll
=======================================================

=======================================================
Timestamp: 2026-01-11T00:14:03.1612949Z
Method: GET
URL: /api/users
Status: 200
Duration: 2 ms
UserId: 
Client IP: ::1
User-Agent: 
Controller: Users, Action: GetAll
Response Body: [{"id":1,"login":"admin","encryptedPassword":"admin","name":"Админ","surname":"Системный","email":"admin@example.com","phone":"+71234567890","createdAt":"2026-01-10T20:21:14.573861Z","alarmEvents":[],"sentPartRequests":[],"receivedPartRequests":[],"sentShiftTransfers":[],"receivedShiftTransfers":[]}]
=======================================================

=======================================================
Timestamp: 2026-01-11T00:14:03.1614277Z
Method: GET
URL: /api/materials
Status: 307
Duration: 0 ms
UserId: 
Client IP: ::1
User-Agent: 
Controller: Materials, Action: GetAll
=======================================================

=======================================================
Timestamp: 2026-01-11T00:14:03.1876079Z
Method: GET
URL: /api/materials
Status: 200
Duration: 153 ms
UserId: 
Client IP: ::1
User-Agent: 
Controller: Materials, Action: GetAll
Response Body: []
=======================================================

=======================================================
Timestamp: 2026-01-11T00:14:03.1876649Z
Method: GET
URL: /api/materials
Status: 200
Duration: 156 ms
UserId: 
Client IP: ::1
User-Agent: 
Controller: Materials, Action: GetAll
Response Body: []
=======================================================

=======================================================
Timestamp: 2026-01-11T00:14:06.7605427Z
Method: GET
URL: /api/warehouses
Status: 307
Duration: 0 ms
UserId: 
Client IP: ::1
User-Agent: 
Controller: Warehouses, Action: GetAll
=======================================================

=======================================================
Timestamp: 2026-01-11T00:14:06.7626292Z
Method: GET
URL: /api/materials
Status: 307
Duration: 0 ms
UserId: 
Client IP: ::1
User-Agent: 
Controller: Materials, Action: GetAll
=======================================================

=======================================================
Timestamp: 2026-01-11T00:14:06.7632811Z
Method: GET
URL: /api/users
Status: 307
Duration: 0 ms
UserId: 
Client IP: ::1
User-Agent: 
Controller: Users, Action: GetAll
=======================================================

=======================================================
Timestamp: 2026-01-11T00:14:06.7636596Z
Method: GET
URL: /api/products
Status: 307
Duration: 0 ms
UserId: 
Client IP: ::1
User-Agent: 
Controller: Products, Action: GetAll
=======================================================

=======================================================
Timestamp: 2026-01-11T00:14:06.8692672Z
Method: GET
URL: /api/materials
Status: 200
Duration: 7 ms
UserId: 
Client IP: ::1
User-Agent: 
Controller: Materials, Action: GetAll
Response Body: []
=======================================================

=======================================================
Timestamp: 2026-01-11T00:14:06.8712256Z
Method: GET
URL: /api/users
Status: 200
Duration: 1 ms
UserId: 
Client IP: ::1
User-Agent: 
Controller: Users, Action: GetAll
Response Body: [{"id":1,"login":"admin","encryptedPassword":"admin","name":"Админ","surname":"Системный","email":"admin@example.com","phone":"+71234567890","createdAt":"2026-01-10T20:21:14.573861Z","alarmEvents":[],"sentPartRequests":[],"receivedPartRequests":[],"sentShiftTransfers":[],"receivedShiftTransfers":[]}]
=======================================================

=======================================================
Timestamp: 2026-01-11T00:14:06.8720341Z
Method: GET
URL: /api/products
Status: 200
Duration: 1 ms
UserId: 
Client IP: ::1
User-Agent: 
Controller: Products, Action: GetAll
Response Body: []
=======================================================

=======================================================
Timestamp: 2026-01-11T00:14:06.8728252Z
Method: GET
URL: /api/warehouses
Status: 200
Duration: 116 ms
UserId: 
Client IP: ::1
User-Agent: 
Controller: Warehouses, Action: GetAll
Response Body: []
=======================================================

=======================================================
Timestamp: 2026-01-11T00:14:08.6978790Z
Method: GET
URL: /api/materials
Status: 307
Duration: 0 ms
UserId: 
Client IP: ::1
User-Agent: 
Controller: Materials, Action: GetAll
=======================================================

=======================================================
Timestamp: 2026-01-11T00:14:08.6992566Z
Method: GET
URL: /api/products
Status: 307
Duration: 0 ms
UserId: 
Client IP: ::1
User-Agent: 
Controller: Products, Action: GetAll
=======================================================

=======================================================
Timestamp: 2026-01-11T00:14:08.7031575Z
Method: GET
URL: /api/warehouses
Status: 307
Duration: 0 ms
UserId: 
Client IP: ::1
User-Agent: 
Controller: Warehouses, Action: GetAll
=======================================================

=======================================================
Timestamp: 2026-01-11T00:14:08.7055392Z
Method: GET
URL: /api/warehouses
Status: 200
Duration: 3 ms
UserId: 
Client IP: ::1
User-Agent: 
Controller: Warehouses, Action: GetAll
Response Body: []
=======================================================

=======================================================
Timestamp: 2026-01-11T00:14:08.7093449Z
Method: GET
URL: /api/warehouses
Status: 200
Duration: 1 ms
UserId: 
Client IP: ::1
User-Agent: 
Controller: Warehouses, Action: GetAll
Response Body: []
=======================================================

