=======================================================
Timestamp: 2026-01-10T19:46:19.7675321Z
Method: GET
URL: /
Status: 307
Duration: 5 ms
UserId: 
Client IP: ::1
User-Agent: Mozilla/5.0 (Windows NT 10.0; Win64; x64) AppleWebKit/537.36 (KHTML, like Gecko) Chrome/143.0.0.0 Safari/537.36 Edg/143.0.0.0
=======================================================

=======================================================
Timestamp: 2026-01-10T21:02:42.5105123Z
Method: GET
URL: /api/users
Status: 307
Duration: 23 ms
UserId: 
Client IP: 127.0.0.1
User-Agent: Dalvik/2.1.0 (Linux; U; Android 13; sdk_gphone64_x86_64 Build/TE1A.240213.009)
Controller: Users, Action: GetAll
=======================================================

=======================================================
Timestamp: 2026-01-10T21:02:50.9467224Z
Method: GET
URL: /api/users
Status: 307
Duration: 0 ms
UserId: 
Client IP: 127.0.0.1
User-Agent: Dalvik/2.1.0 (Linux; U; Android 13; sdk_gphone64_x86_64 Build/TE1A.240213.009)
Controller: Users, Action: GetAll
=======================================================

